****************************************
Report : power
        -analysis_effort low
Design : i2c_master_top
Version: U-2022.12
Date   : Wed Jun 17 21:46:56 2026
****************************************


Library(s) Used:

    tsl18fs120_typ (File: /tools/kits/tower/PDK_TS18SL/FS120_STD_Cells_0_18um_2005_12/DW_TOWER_tsl18fs120/2005.12/synopsys/2004.12/models/tsl18fs120_typ.db)


Operating Conditions: tsl18fs120_typ   Library: tsl18fs120_typ
Wire Load Model Mode: enclosed

Design        Wire Load Model            Library
------------------------------------------------
i2c_master_top         4000              tsl18fs120_typ
i2c_master_byte_ctrl   4000              tsl18fs120_typ
i2c_master_bit_ctrl    4000              tsl18fs120_typ
i2c_master_bit_ctrl_DW01_dec_0_DW01_dec_1
                       ForQA             tsl18fs120_typ
i2c_master_bit_ctrl_DW01_dec_1_DW01_dec_2
                       ForQA             tsl18fs120_typ


Global Operating Voltage = 1.8  
Power-specific unit information :
    Voltage Units = 1V
    Capacitance Units = 1.000000pf
    Time Units = 1ns
    Dynamic Power Units = 1mW    (derived from V,C,T units)
    Leakage Power Units = 1pW


Attributes
----------
i - Including register clock pin internal power


  Cell Internal Power  =   2.5243 mW   (93%)
  Net Switching Power  = 181.8374 uW    (7%)
                         ---------
Total Dynamic Power    =   2.7062 mW  (100%)

Cell Leakage Power     =  29.8067 nW


                 Internal         Switching           Leakage            Total
Power Group      Power            Power               Power              Power   (   %    )  Attrs
--------------------------------------------------------------------------------------------------
io_pad             0.0000            0.0000            0.0000            0.0000  (   0.00%)
memory             0.0000            0.0000            0.0000            0.0000  (   0.00%)
black_box          0.0000            0.0000            0.0000            0.0000  (   0.00%)
clock_network      2.3751            0.0000            0.0000            2.3751  (  87.76%)  i
register       9.5187e-02        2.5249e-02        2.0798e+04            0.1205  (   4.45%)
sequential         0.0000            0.0000            0.0000            0.0000  (   0.00%)
combinational  5.4093e-02            0.1566        9.0091e+03            0.2107  (   7.79%)
--------------------------------------------------------------------------------------------------
Total              2.5243 mW         0.1818 mW     2.9807e+04 pW         2.7062 mW
